// Jest Snapshot v1, https://goo.gl/fbAQLP

exports[`Filtered Component test(testing-library) should render correctly 1`] = `
<View
  accessible={true}
  collapsable={false}
  focusable={true}
  nativeID="animatedComponent"
  onClick={[Function]}
  onResponderGrant={[Function]}
  onResponderMove={[Function]}
  onResponderRelease={[Function]}
  onResponderTerminate={[Function]}
  onResponderTerminationRequest={[Function]}
  onStartShouldSetResponder={[Function]}
  style={
    Object {
      "backgroundColor": "#1e1e1e",
      "borderRadius": 5,
      "opacity": 1,
      "paddingHorizontal": 10,
      "paddingVertical": 5,
    }
  }
>
  <Text
    style={
      Object {
        "color": "#FFFFFF",
      }
    }
  >
    28D
  </Text>
</View>
`;
